
> jobdairy-app@0.1.0 cf:build
> npx @cloudflare/next-on-pages

⚡️ @cloudflare/next-on-pages CLI v.1.13.16
⚡️ Detected Package Manager: npm (11.7.0)
⚡️ Preparing project...
⚡️ Project is ready
⚡️ Building project...
▲  Vercel CLI 47.0.4
